// Jest Snapshot v1, https://goo.gl/fbAQLP

exports[`DatasetContainer renders component renders default props 1`] = `
ShallowWrapper {
  "length": 1,
  Symbol(enzyme.__root__): [Circular],
  Symbol(enzyme.__unrendered__): <DatasetsContainer
    dataset={Object {}}
    datasets={Array []}
    match={null}
    onCancel={[Function]}
    onCreate={[Function]}
    onEmpty={[Function]}
    onEmptyResource={[Function]}
    onFetch={[Function]}
    onFetchDatasets={[Function]}
    onRemove={[Function]}
    onSetModal={[Function]}
    onSetResource={[Function]}
    onSetResourceToDataset={[Function]}
    onUpdate={[Function]}
    resource={Object {}}
    resourceToDataset={Object {}}
    schema={Object {}}
    uiDataset={Object {}}
    uiResource={Object {}}
  />,
  Symbol(enzyme.__renderer__): Object {
    "batchedUpdates": [Function],
    "getNode": [Function],
    "render": [Function],
    "simulateEvent": [Function],
    "unmount": [Function],
  },
  Symbol(enzyme.__node__): Object {
    "instance": null,
    "key": undefined,
    "nodeType": "host",
    "props": Object {
      "children": Array [
        <Route
          exact={true}
          path="/datasets"
          render={[Function]}
        />,
        <Route
          exact={true}
          path="/datasets/:id([\\\\w-]{2,})"
          render={[Function]}
        />,
        <Route
          exact={true}
          path="/datasets/_"
          render={[Function]}
        />,
      ],
    },
    "ref": null,
    "rendered": Array [
      Object {
        "instance": null,
        "key": undefined,
        "nodeType": "class",
        "props": Object {
          "exact": true,
          "path": "/datasets",
          "render": [Function],
        },
        "ref": null,
        "rendered": null,
        "type": [Function],
      },
      Object {
        "instance": null,
        "key": undefined,
        "nodeType": "class",
        "props": Object {
          "exact": true,
          "path": "/datasets/:id([\\\\w-]{2,})",
          "render": [Function],
        },
        "ref": null,
        "rendered": null,
        "type": [Function],
      },
      Object {
        "instance": null,
        "key": undefined,
        "nodeType": "class",
        "props": Object {
          "exact": true,
          "path": "/datasets/_",
          "render": [Function],
        },
        "ref": null,
        "rendered": null,
        "type": [Function],
      },
    ],
    "type": "section",
  },
  Symbol(enzyme.__nodes__): Array [
    Object {
      "instance": null,
      "key": undefined,
      "nodeType": "host",
      "props": Object {
        "children": Array [
          <Route
            exact={true}
            path="/datasets"
            render={[Function]}
          />,
          <Route
            exact={true}
            path="/datasets/:id([\\\\w-]{2,})"
            render={[Function]}
          />,
          <Route
            exact={true}
            path="/datasets/_"
            render={[Function]}
          />,
        ],
      },
      "ref": null,
      "rendered": Array [
        Object {
          "instance": null,
          "key": undefined,
          "nodeType": "class",
          "props": Object {
            "exact": true,
            "path": "/datasets",
            "render": [Function],
          },
          "ref": null,
          "rendered": null,
          "type": [Function],
        },
        Object {
          "instance": null,
          "key": undefined,
          "nodeType": "class",
          "props": Object {
            "exact": true,
            "path": "/datasets/:id([\\\\w-]{2,})",
            "render": [Function],
          },
          "ref": null,
          "rendered": null,
          "type": [Function],
        },
        Object {
          "instance": null,
          "key": undefined,
          "nodeType": "class",
          "props": Object {
            "exact": true,
            "path": "/datasets/_",
            "render": [Function],
          },
          "ref": null,
          "rendered": null,
          "type": [Function],
        },
      ],
      "type": "section",
    },
  ],
  Symbol(enzyme.__options__): Object {
    "adapter": ReactSixteenAdapter {
      "options": Object {
        "enableComponentDidUpdateOnSetState": true,
      },
    },
    "context": Object {
      "store": Object {
        "clearActions": [Function],
        "dispatch": [Function],
        "getActions": [Function],
        "getState": [Function],
        "replaceReducer": [Function],
        "subscribe": [Function],
      },
    },
  },
}
`;
